python : 2025-11-09 00:30:12,687 - src.utils.validation - INFO - Initializing GPU (OpenCL)...
In riga:1 car:1
+ python main.py --generations 1 --population 5 --backtest-days 5 > tes ...
+ ~~~~~~~~~~~~~~~~~~~~~~~~~~~~~~~~~~~~~~~~~~~~~~~~~~~~~~~~~~~~~~~~~~~~~
    + CategoryInfo          : NotSpecified: (2025-11-09 00:3...GPU (OpenCL)...:String) [], RemoteException
    + FullyQualifiedErrorId : NativeCommandError
 

2025-11-09 00:30:12,782 - src.utils.validation - INFO - ============================================================
2025-11-09 00:30:12,782 - src.utils.validation - INFO - GPU INITIALIZATION SUCCESSFUL
2025-11-09 00:30:12,783 - src.utils.validation - INFO - ============================================================
2025-11-09 00:30:12,784 - src.utils.validation - INFO - Device: Intel(R) UHD Graphics
2025-11-09 00:30:12,784 - src.utils.validation - INFO - Vendor: Intel(R) Corporation
2025-11-09 00:30:12,784 - src.utils.validation - INFO - Version: OpenCL 3.0 NEO 
2025-11-09 00:30:12,784 - src.utils.validation - INFO - Compute Units: 80
2025-11-09 00:30:12,785 - src.utils.validation - INFO - Max Work Group Size: 512
2025-11-09 00:30:12,785 - src.utils.validation - INFO - Global Memory: 3.19 GB
2025-11-09 00:30:12,785 - src.utils.validation - INFO - Local Memory: 64.00 KB
2025-11-09 00:30:12,785 - src.utils.validation - INFO - ============================================================


============================================================
GPU-ACCELERATED GENETIC ALGORITHM CRYPTO TRADING BOT
============================================================

Available Modes:
  [OK] Mode 1: Genetic Algorithm Mode - Evolve trading bots over multiple generations
  [X] Mode 2: Not Implemented
  [X] Mode 3: Not Implemented
  [OK] Mode 4: Single Bot Backtest Mode - Test individual bots on historical data (supports loading saved bots)

